<html>
<head>
<title>TITLE</title>
<style>

/* CSS here */

</style>
</head>
<body>

CONTENT here

</body>
</html>
