<html>
<head>
  <title>title from src file</title>
</head>
<body>
<p>This is some content from the secondary template.</p>

body

<p>More content from the secondary template.</p>

</body>
</html>
