<html>
<head>
<title>TITLE</title>
<style>

</style>
</head>
<body>
CONTENT here

</body>
</html>
